// Jest Snapshot v1, https://goo.gl/fbAQLP

exports[`EventList component Snaphot testing 1`] = `ShallowWrapper {}`;
